Archive member included to satisfy reference by file (symbol)

c:/program files (x86)/atmel/studio/7.0/toolchain/avr8/avr8-gnu-toolchain/bin/../lib/gcc/avr/5.4.0/avr5\libgcc.a(_exit.o)
                              C:/Program Files (x86)/Atmel/Studio/7.0/Packs/atmel/ATmega_DFP/1.2.132/gcc/dev/atmega32/avr5/crtatmega32.o (exit)
c:/program files (x86)/atmel/studio/7.0/toolchain/avr8/avr8-gnu-toolchain/bin/../lib/gcc/avr/5.4.0/avr5\libgcc.a(_tablejump2.o)
                              KeyPad.o (__tablejump2__)
c:/program files (x86)/atmel/studio/7.0/toolchain/avr8/avr8-gnu-toolchain/bin/../lib/gcc/avr/5.4.0/avr5\libgcc.a(_copy_data.o)
                              SPI.o (__do_copy_data)
c:/program files (x86)/atmel/studio/7.0/toolchain/avr8/avr8-gnu-toolchain/bin/../lib/gcc/avr/5.4.0/avr5\libgcc.a(_clear_bss.o)
                              main.o (__do_clear_bss)

Allocating common symbols
Common symbol       size              file

eep                 0x2               main.o

Discarded input sections

 .data          0x00000000        0x0 C:/Program Files (x86)/Atmel/Studio/7.0/Packs/atmel/ATmega_DFP/1.2.132/gcc/dev/atmega32/avr5/crtatmega32.o
 .bss           0x00000000        0x0 C:/Program Files (x86)/Atmel/Studio/7.0/Packs/atmel/ATmega_DFP/1.2.132/gcc/dev/atmega32/avr5/crtatmega32.o
 .text          0x00000000        0x0 Dio.o
 .data          0x00000000        0x0 Dio.o
 .bss           0x00000000        0x0 Dio.o
 .text.Dio_PortSetDirection
                0x00000000       0x2e Dio.o
 .text.Dio_PinSetDirection
                0x00000000      0x116 Dio.o
 .text.Dio_PortFlipDirection
                0x00000000       0x3e Dio.o
 .text.Dio_PinFlipDirection
                0x00000000       0x76 Dio.o
 .text.Dio_GroupFlipDirection
                0x00000000       0x66 Dio.o
 .text.Dio_GroupWrite
                0x00000000       0x5e Dio.o
 .text.Dio_PortFlip
                0x00000000       0x3e Dio.o
 .text.Dio_PinFlip
                0x00000000       0x76 Dio.o
 .text.Dio_GroupFlip
                0x00000000       0x66 Dio.o
 .text.Dio_PinRead
                0x00000000       0x76 Dio.o
 .text.Dio_GroupRead
                0x00000000       0x46 Dio.o
 .text.Dio_PortPullupState
                0x00000000       0x2e Dio.o
 .text.Dio_PinPullupState
                0x00000000      0x116 Dio.o
 .text.Dio_GroupPullupState
                0x00000000       0x5e Dio.o
 .text.Dio_PortPullupStateFlip
                0x00000000       0x3e Dio.o
 .text.Dio_PinPullupStateFlip
                0x00000000       0x76 Dio.o
 .text.Dio_GroupPullupStateFlip
                0x00000000       0x66 Dio.o
 .text          0x00000000        0x0 EEPROM.o
 .data          0x00000000        0x0 EEPROM.o
 .bss           0x00000000        0x0 EEPROM.o
 .text          0x00000000        0x0 I2C.o
 .data          0x00000000        0x0 I2C.o
 .bss           0x00000000        0x0 I2C.o
 .text.I2C_Init
                0x00000000        0xc I2C.o
 .text.I2C_Start
                0x00000000        0xc I2C.o
 .text.I2C_Stop
                0x00000000        0x6 I2C.o
 .text.I2C_Write
                0x00000000        0xe I2C.o
 .text.I2C_Read
                0x00000000       0x12 I2C.o
 .debug_info    0x00000000      0x117 I2C.o
 .debug_abbrev  0x00000000       0x92 I2C.o
 .debug_loc     0x00000000       0x2d I2C.o
 .debug_aranges
                0x00000000       0x40 I2C.o
 .debug_ranges  0x00000000       0x30 I2C.o
 .debug_line    0x00000000      0x149 I2C.o
 .debug_str     0x00000000      0x1b2 I2C.o
 .comment       0x00000000       0x31 I2C.o
 .debug_frame   0x00000000       0x64 I2C.o
 .text          0x00000000        0x0 KeyPad.o
 .data          0x00000000        0x0 KeyPad.o
 .bss           0x00000000        0x0 KeyPad.o
 .text.KeyPad_Init
                0x00000000       0x2a KeyPad.o
 .text.KeyPad_GetNumber
                0x00000000      0x172 KeyPad.o
 .progmem.gcc_sw_table.KeyPad_GetNumber
                0x00000000       0xf0 KeyPad.o
 .debug_info    0x00000000      0x3e9 KeyPad.o
 .debug_abbrev  0x00000000      0x15b KeyPad.o
 .debug_loc     0x00000000      0x395 KeyPad.o
 .debug_aranges
                0x00000000       0x28 KeyPad.o
 .debug_ranges  0x00000000       0x18 KeyPad.o
 .debug_line    0x00000000      0x233 KeyPad.o
 .debug_str     0x00000000      0x280 KeyPad.o
 .comment       0x00000000       0x31 KeyPad.o
 .debug_frame   0x00000000       0x54 KeyPad.o
 .text          0x00000000        0x0 LCD.o
 .data          0x00000000        0x0 LCD.o
 .bss           0x00000000        0x0 LCD.o
 .text.LCD_Postion
                0x00000000       0x1e LCD.o
 .text          0x00000000        0x0 LED.o
 .data          0x00000000        0x0 LED.o
 .bss           0x00000000        0x0 LED.o
 .text.LED_Init
                0x00000000       0x20 LED.o
 .text.LED_Write
                0x00000000        0x6 LED.o
 .debug_info    0x00000000      0x1c1 LED.o
 .debug_abbrev  0x00000000       0xb9 LED.o
 .debug_loc     0x00000000       0x63 LED.o
 .debug_aranges
                0x00000000       0x28 LED.o
 .debug_ranges  0x00000000       0x18 LED.o
 .debug_line    0x00000000       0x76 LED.o
 .debug_str     0x00000000      0x1f0 LED.o
 .comment       0x00000000       0x31 LED.o
 .debug_frame   0x00000000       0x34 LED.o
 .text          0x00000000        0x0 main.o
 .data          0x00000000        0x0 main.o
 .bss           0x00000000        0x0 main.o
 .bss.Period    0x00000000        0x1 main.o
 .bss.MeasurmentCount
                0x00000000        0x1 main.o
 .bss.c         0x00000000        0x1 main.o
 .bss.counter   0x00000000        0x1 main.o
 .bss.flag      0x00000000        0x1 main.o
 .text          0x00000000        0x0 PushButton.o
 .data          0x00000000        0x0 PushButton.o
 .bss           0x00000000        0x0 PushButton.o
 .text.PushButton_Init
                0x00000000       0x20 PushButton.o
 .text.PushButton_Read
                0x00000000        0x6 PushButton.o
 .debug_info    0x00000000      0x1cc PushButton.o
 .debug_abbrev  0x00000000       0xc2 PushButton.o
 .debug_loc     0x00000000       0x68 PushButton.o
 .debug_aranges
                0x00000000       0x28 PushButton.o
 .debug_ranges  0x00000000       0x18 PushButton.o
 .debug_line    0x00000000       0x7d PushButton.o
 .debug_str     0x00000000      0x203 PushButton.o
 .comment       0x00000000       0x31 PushButton.o
 .debug_frame   0x00000000       0x34 PushButton.o
 .text          0x00000000        0x0 SevenSegement.o
 .data          0x00000000        0x0 SevenSegement.o
 .bss           0x00000000        0x0 SevenSegement.o
 .text.SevenSegement_Init
                0x00000000       0x20 SevenSegement.o
 .text.SevenSegement_State
                0x00000000       0x5c SevenSegement.o
 .text.SevenSegement_Write
                0x00000000       0x80 SevenSegement.o
 .text.SevenSegement_Refresh
                0x00000000       0x28 SevenSegement.o
 .bss.CH2Value  0x00000000        0x1 SevenSegement.o
 .bss.CH1Value  0x00000000        0x1 SevenSegement.o
 .debug_info    0x00000000      0x4a7 SevenSegement.o
 .debug_abbrev  0x00000000      0x13f SevenSegement.o
 .debug_loc     0x00000000      0x246 SevenSegement.o
 .debug_aranges
                0x00000000       0x38 SevenSegement.o
 .debug_ranges  0x00000000       0x48 SevenSegement.o
 .debug_line    0x00000000      0x1ce SevenSegement.o
 .debug_str     0x00000000      0x281 SevenSegement.o
 .comment       0x00000000       0x31 SevenSegement.o
 .debug_frame   0x00000000       0x5c SevenSegement.o
 .text          0x00000000        0x0 SPI.o
 .data          0x00000000        0x0 SPI.o
 .bss           0x00000000        0x0 SPI.o
 .text.SPI_Init
                0x00000000       0x3e SPI.o
 .text          0x00000000        0x0 StringHandler.o
 .data          0x00000000        0x0 StringHandler.o
 .bss           0x00000000        0x0 StringHandler.o
 .text.Decimal2String
                0x00000000       0x46 StringHandler.o
 .text          0x00000000        0x0 Timer0.o
 .data          0x00000000        0x0 Timer0.o
 .bss           0x00000000        0x0 Timer0.o
 .text.Timer0_StartNormal
                0x00000000       0x20 Timer0.o
 .text.Timer0_StartCTC
                0x00000000       0x22 Timer0.o
 .text.Timer0_OVF_CB
                0x00000000        0x2 Timer0.o
 .text.Timer0_CMP_CB
                0x00000000        0x2 Timer0.o
 .text          0x00000000        0x0 Timer1.o
 .data          0x00000000        0x0 Timer1.o
 .bss           0x00000000        0x0 Timer1.o
 .text.Timer1_StartNormal
                0x00000000       0x2e Timer1.o
 .text.Timer1_StartCTC
                0x00000000       0x2e Timer1.o
 .text.Timer1_CMP_CB
                0x00000000        0x2 Timer1.o
 .text          0x00000000        0x0 UART.o
 .data          0x00000000        0x0 UART.o
 .bss           0x00000000        0x0 UART.o
 .text.UART_Init
                0x00000000       0x10 UART.o
 .text.UART_SendChar
                0x00000000        0xe UART.o
 .text.UART_SendString
                0x00000000       0x20 UART.o
 .text.UART_Receive
                0x00000000       0x12 UART.o
 .debug_info    0x00000000      0x177 UART.o
 .debug_abbrev  0x00000000       0xef UART.o
 .debug_loc     0x00000000      0x17a UART.o
 .debug_aranges
                0x00000000       0x38 UART.o
 .debug_ranges  0x00000000       0x28 UART.o
 .debug_line    0x00000000      0x158 UART.o
 .debug_str     0x00000000      0x1cd UART.o
 .comment       0x00000000       0x31 UART.o
 .debug_frame   0x00000000       0x60 UART.o
 .text          0x00000000        0x0 c:/program files (x86)/atmel/studio/7.0/toolchain/avr8/avr8-gnu-toolchain/bin/../lib/gcc/avr/5.4.0/avr5\libgcc.a(_exit.o)
 .data          0x00000000        0x0 c:/program files (x86)/atmel/studio/7.0/toolchain/avr8/avr8-gnu-toolchain/bin/../lib/gcc/avr/5.4.0/avr5\libgcc.a(_exit.o)
 .bss           0x00000000        0x0 c:/program files (x86)/atmel/studio/7.0/toolchain/avr8/avr8-gnu-toolchain/bin/../lib/gcc/avr/5.4.0/avr5\libgcc.a(_exit.o)
 .text.libgcc.mul
                0x00000000        0x0 c:/program files (x86)/atmel/studio/7.0/toolchain/avr8/avr8-gnu-toolchain/bin/../lib/gcc/avr/5.4.0/avr5\libgcc.a(_exit.o)
 .text.libgcc.div
                0x00000000        0x0 c:/program files (x86)/atmel/studio/7.0/toolchain/avr8/avr8-gnu-toolchain/bin/../lib/gcc/avr/5.4.0/avr5\libgcc.a(_exit.o)
 .text.libgcc   0x00000000        0x0 c:/program files (x86)/atmel/studio/7.0/toolchain/avr8/avr8-gnu-toolchain/bin/../lib/gcc/avr/5.4.0/avr5\libgcc.a(_exit.o)
 .text.libgcc.prologue
                0x00000000        0x0 c:/program files (x86)/atmel/studio/7.0/toolchain/avr8/avr8-gnu-toolchain/bin/../lib/gcc/avr/5.4.0/avr5\libgcc.a(_exit.o)
 .text.libgcc.builtins
                0x00000000        0x0 c:/program files (x86)/atmel/studio/7.0/toolchain/avr8/avr8-gnu-toolchain/bin/../lib/gcc/avr/5.4.0/avr5\libgcc.a(_exit.o)
 .text.libgcc.fmul
                0x00000000        0x0 c:/program files (x86)/atmel/studio/7.0/toolchain/avr8/avr8-gnu-toolchain/bin/../lib/gcc/avr/5.4.0/avr5\libgcc.a(_exit.o)
 .text.libgcc.fixed
                0x00000000        0x0 c:/program files (x86)/atmel/studio/7.0/toolchain/avr8/avr8-gnu-toolchain/bin/../lib/gcc/avr/5.4.0/avr5\libgcc.a(_exit.o)
 .text          0x00000000        0x0 c:/program files (x86)/atmel/studio/7.0/toolchain/avr8/avr8-gnu-toolchain/bin/../lib/gcc/avr/5.4.0/avr5\libgcc.a(_tablejump2.o)
 .data          0x00000000        0x0 c:/program files (x86)/atmel/studio/7.0/toolchain/avr8/avr8-gnu-toolchain/bin/../lib/gcc/avr/5.4.0/avr5\libgcc.a(_tablejump2.o)
 .bss           0x00000000        0x0 c:/program files (x86)/atmel/studio/7.0/toolchain/avr8/avr8-gnu-toolchain/bin/../lib/gcc/avr/5.4.0/avr5\libgcc.a(_tablejump2.o)
 .text.libgcc.mul
                0x00000000        0x0 c:/program files (x86)/atmel/studio/7.0/toolchain/avr8/avr8-gnu-toolchain/bin/../lib/gcc/avr/5.4.0/avr5\libgcc.a(_tablejump2.o)
 .text.libgcc.div
                0x00000000        0x0 c:/program files (x86)/atmel/studio/7.0/toolchain/avr8/avr8-gnu-toolchain/bin/../lib/gcc/avr/5.4.0/avr5\libgcc.a(_tablejump2.o)
 .text.libgcc   0x00000000        0xc c:/program files (x86)/atmel/studio/7.0/toolchain/avr8/avr8-gnu-toolchain/bin/../lib/gcc/avr/5.4.0/avr5\libgcc.a(_tablejump2.o)
 .text.libgcc.prologue
                0x00000000        0x0 c:/program files (x86)/atmel/studio/7.0/toolchain/avr8/avr8-gnu-toolchain/bin/../lib/gcc/avr/5.4.0/avr5\libgcc.a(_tablejump2.o)
 .text.libgcc.builtins
                0x00000000        0x0 c:/program files (x86)/atmel/studio/7.0/toolchain/avr8/avr8-gnu-toolchain/bin/../lib/gcc/avr/5.4.0/avr5\libgcc.a(_tablejump2.o)
 .text.libgcc.fmul
                0x00000000        0x0 c:/program files (x86)/atmel/studio/7.0/toolchain/avr8/avr8-gnu-toolchain/bin/../lib/gcc/avr/5.4.0/avr5\libgcc.a(_tablejump2.o)
 .text.libgcc.fixed
                0x00000000        0x0 c:/program files (x86)/atmel/studio/7.0/toolchain/avr8/avr8-gnu-toolchain/bin/../lib/gcc/avr/5.4.0/avr5\libgcc.a(_tablejump2.o)
 .text          0x00000000        0x0 c:/program files (x86)/atmel/studio/7.0/toolchain/avr8/avr8-gnu-toolchain/bin/../lib/gcc/avr/5.4.0/avr5\libgcc.a(_copy_data.o)
 .data          0x00000000        0x0 c:/program files (x86)/atmel/studio/7.0/toolchain/avr8/avr8-gnu-toolchain/bin/../lib/gcc/avr/5.4.0/avr5\libgcc.a(_copy_data.o)
 .bss           0x00000000        0x0 c:/program files (x86)/atmel/studio/7.0/toolchain/avr8/avr8-gnu-toolchain/bin/../lib/gcc/avr/5.4.0/avr5\libgcc.a(_copy_data.o)
 .text.libgcc.mul
                0x00000000        0x0 c:/program files (x86)/atmel/studio/7.0/toolchain/avr8/avr8-gnu-toolchain/bin/../lib/gcc/avr/5.4.0/avr5\libgcc.a(_copy_data.o)
 .text.libgcc.div
                0x00000000        0x0 c:/program files (x86)/atmel/studio/7.0/toolchain/avr8/avr8-gnu-toolchain/bin/../lib/gcc/avr/5.4.0/avr5\libgcc.a(_copy_data.o)
 .text.libgcc   0x00000000        0x0 c:/program files (x86)/atmel/studio/7.0/toolchain/avr8/avr8-gnu-toolchain/bin/../lib/gcc/avr/5.4.0/avr5\libgcc.a(_copy_data.o)
 .text.libgcc.prologue
                0x00000000        0x0 c:/program files (x86)/atmel/studio/7.0/toolchain/avr8/avr8-gnu-toolchain/bin/../lib/gcc/avr/5.4.0/avr5\libgcc.a(_copy_data.o)
 .text.libgcc.builtins
                0x00000000        0x0 c:/program files (x86)/atmel/studio/7.0/toolchain/avr8/avr8-gnu-toolchain/bin/../lib/gcc/avr/5.4.0/avr5\libgcc.a(_copy_data.o)
 .text.libgcc.fmul
                0x00000000        0x0 c:/program files (x86)/atmel/studio/7.0/toolchain/avr8/avr8-gnu-toolchain/bin/../lib/gcc/avr/5.4.0/avr5\libgcc.a(_copy_data.o)
 .text.libgcc.fixed
                0x00000000        0x0 c:/program files (x86)/atmel/studio/7.0/toolchain/avr8/avr8-gnu-toolchain/bin/../lib/gcc/avr/5.4.0/avr5\libgcc.a(_copy_data.o)
 .text          0x00000000        0x0 c:/program files (x86)/atmel/studio/7.0/toolchain/avr8/avr8-gnu-toolchain/bin/../lib/gcc/avr/5.4.0/avr5\libgcc.a(_clear_bss.o)
 .data          0x00000000        0x0 c:/program files (x86)/atmel/studio/7.0/toolchain/avr8/avr8-gnu-toolchain/bin/../lib/gcc/avr/5.4.0/avr5\libgcc.a(_clear_bss.o)
 .bss           0x00000000        0x0 c:/program files (x86)/atmel/studio/7.0/toolchain/avr8/avr8-gnu-toolchain/bin/../lib/gcc/avr/5.4.0/avr5\libgcc.a(_clear_bss.o)
 .text.libgcc.mul
                0x00000000        0x0 c:/program files (x86)/atmel/studio/7.0/toolchain/avr8/avr8-gnu-toolchain/bin/../lib/gcc/avr/5.4.0/avr5\libgcc.a(_clear_bss.o)
 .text.libgcc.div
                0x00000000        0x0 c:/program files (x86)/atmel/studio/7.0/toolchain/avr8/avr8-gnu-toolchain/bin/../lib/gcc/avr/5.4.0/avr5\libgcc.a(_clear_bss.o)
 .text.libgcc   0x00000000        0x0 c:/program files (x86)/atmel/studio/7.0/toolchain/avr8/avr8-gnu-toolchain/bin/../lib/gcc/avr/5.4.0/avr5\libgcc.a(_clear_bss.o)
 .text.libgcc.prologue
                0x00000000        0x0 c:/program files (x86)/atmel/studio/7.0/toolchain/avr8/avr8-gnu-toolchain/bin/../lib/gcc/avr/5.4.0/avr5\libgcc.a(_clear_bss.o)
 .text.libgcc.builtins
                0x00000000        0x0 c:/program files (x86)/atmel/studio/7.0/toolchain/avr8/avr8-gnu-toolchain/bin/../lib/gcc/avr/5.4.0/avr5\libgcc.a(_clear_bss.o)
 .text.libgcc.fmul
                0x00000000        0x0 c:/program files (x86)/atmel/studio/7.0/toolchain/avr8/avr8-gnu-toolchain/bin/../lib/gcc/avr/5.4.0/avr5\libgcc.a(_clear_bss.o)
 .text.libgcc.fixed
                0x00000000        0x0 c:/program files (x86)/atmel/studio/7.0/toolchain/avr8/avr8-gnu-toolchain/bin/../lib/gcc/avr/5.4.0/avr5\libgcc.a(_clear_bss.o)

Memory Configuration

Name             Origin             Length             Attributes
text             0x00000000         0x00020000         xr
data             0x00800060         0x0000ffa0         rw !x
eeprom           0x00810000         0x00010000         rw !x
fuse             0x00820000         0x00000002         rw !x
lock             0x00830000         0x00000400         rw !x
signature        0x00840000         0x00000400         rw !x
user_signatures  0x00850000         0x00000400         rw !x
*default*        0x00000000         0xffffffff

Linker script and memory map

LOAD C:/Program Files (x86)/Atmel/Studio/7.0/Packs/atmel/ATmega_DFP/1.2.132/gcc/dev/atmega32/avr5/crtatmega32.o
LOAD Dio.o
LOAD EEPROM.o
LOAD I2C.o
LOAD KeyPad.o
LOAD LCD.o
LOAD LED.o
LOAD main.o
LOAD PushButton.o
LOAD SevenSegement.o
LOAD SPI.o
LOAD StringHandler.o
LOAD Timer0.o
LOAD Timer1.o
LOAD UART.o
START GROUP
LOAD c:/program files (x86)/atmel/studio/7.0/toolchain/avr8/avr8-gnu-toolchain/bin/../lib/gcc/avr/5.4.0/../../../../avr/lib/avr5\libm.a
END GROUP
START GROUP
LOAD c:/program files (x86)/atmel/studio/7.0/toolchain/avr8/avr8-gnu-toolchain/bin/../lib/gcc/avr/5.4.0/avr5\libgcc.a
LOAD c:/program files (x86)/atmel/studio/7.0/toolchain/avr8/avr8-gnu-toolchain/bin/../lib/gcc/avr/5.4.0/../../../../avr/lib/avr5\libm.a
LOAD c:/program files (x86)/atmel/studio/7.0/toolchain/avr8/avr8-gnu-toolchain/bin/../lib/gcc/avr/5.4.0/../../../../avr/lib/avr5\libc.a
LOAD C:/Program Files (x86)/Atmel/Studio/7.0/Packs/atmel/ATmega_DFP/1.2.132/gcc/dev/atmega32/avr5\libatmega32.a
END GROUP
                0x00000000                __TEXT_REGION_ORIGIN__ = DEFINED (__TEXT_REGION_ORIGIN__)?__TEXT_REGION_ORIGIN__:0x0
                0x00800060                __DATA_REGION_ORIGIN__ = DEFINED (__DATA_REGION_ORIGIN__)?__DATA_REGION_ORIGIN__:0x800060
                0x00020000                __TEXT_REGION_LENGTH__ = DEFINED (__TEXT_REGION_LENGTH__)?__TEXT_REGION_LENGTH__:0x20000
                0x0000ffa0                __DATA_REGION_LENGTH__ = DEFINED (__DATA_REGION_LENGTH__)?__DATA_REGION_LENGTH__:0xffa0
                0x00010000                __EEPROM_REGION_LENGTH__ = DEFINED (__EEPROM_REGION_LENGTH__)?__EEPROM_REGION_LENGTH__:0x10000
                [0x00000002]                __FUSE_REGION_LENGTH__ = DEFINED (__FUSE_REGION_LENGTH__)?__FUSE_REGION_LENGTH__:0x400
                0x00000400                __LOCK_REGION_LENGTH__ = DEFINED (__LOCK_REGION_LENGTH__)?__LOCK_REGION_LENGTH__:0x400
                0x00000400                __SIGNATURE_REGION_LENGTH__ = DEFINED (__SIGNATURE_REGION_LENGTH__)?__SIGNATURE_REGION_LENGTH__:0x400
                0x00000400                __USER_SIGNATURE_REGION_LENGTH__ = DEFINED (__USER_SIGNATURE_REGION_LENGTH__)?__USER_SIGNATURE_REGION_LENGTH__:0x400

.hash
 *(.hash)

.dynsym
 *(.dynsym)

.dynstr
 *(.dynstr)

.gnu.version
 *(.gnu.version)

.gnu.version_d
 *(.gnu.version_d)

.gnu.version_r
 *(.gnu.version_r)

.rel.init
 *(.rel.init)

.rela.init
 *(.rela.init)

.rel.text
 *(.rel.text)
 *(.rel.text.*)
 *(.rel.gnu.linkonce.t*)

.rela.text
 *(.rela.text)
 *(.rela.text.*)
 *(.rela.gnu.linkonce.t*)

.rel.fini
 *(.rel.fini)

.rela.fini
 *(.rela.fini)

.rel.rodata
 *(.rel.rodata)
 *(.rel.rodata.*)
 *(.rel.gnu.linkonce.r*)

.rela.rodata
 *(.rela.rodata)
 *(.rela.rodata.*)
 *(.rela.gnu.linkonce.r*)

.rel.data
 *(.rel.data)
 *(.rel.data.*)
 *(.rel.gnu.linkonce.d*)

.rela.data
 *(.rela.data)
 *(.rela.data.*)
 *(.rela.gnu.linkonce.d*)

.rel.ctors
 *(.rel.ctors)

.rela.ctors
 *(.rela.ctors)

.rel.dtors
 *(.rel.dtors)

.rela.dtors
 *(.rela.dtors)

.rel.got
 *(.rel.got)

.rela.got
 *(.rela.got)

.rel.bss
 *(.rel.bss)

.rela.bss
 *(.rela.bss)

.rel.plt
 *(.rel.plt)

.rela.plt
 *(.rela.plt)

.text           0x00000000      0x4ca
 *(.vectors)
 .vectors       0x00000000       0x54 C:/Program Files (x86)/Atmel/Studio/7.0/Packs/atmel/ATmega_DFP/1.2.132/gcc/dev/atmega32/avr5/crtatmega32.o
                0x00000000                __vector_default
                0x00000000                __vectors
 *(.vectors)
 *(.progmem.gcc*)
                0x00000054                . = ALIGN (0x2)
                0x00000054                __trampolines_start = .
 *(.trampolines)
 .trampolines   0x00000054        0x0 linker stubs
 *(.trampolines*)
                0x00000054                __trampolines_end = .
 *libprintf_flt.a:*(.progmem.data)
 *libc.a:*(.progmem.data)
 *(.progmem*)
                0x00000054                . = ALIGN (0x2)
 *(.jumptables)
 *(.jumptables*)
 *(.lowtext)
 *(.lowtext*)
                0x00000054                __ctors_start = .
 *(.ctors)
                0x00000054                __ctors_end = .
                0x00000054                __dtors_start = .
 *(.dtors)
                0x00000054                __dtors_end = .
 SORT(*)(.ctors)
 SORT(*)(.dtors)
 *(.init0)
 .init0         0x00000054        0x0 C:/Program Files (x86)/Atmel/Studio/7.0/Packs/atmel/ATmega_DFP/1.2.132/gcc/dev/atmega32/avr5/crtatmega32.o
                0x00000054                __init
 *(.init0)
 *(.init1)
 *(.init1)
 *(.init2)
 .init2         0x00000054        0xc C:/Program Files (x86)/Atmel/Studio/7.0/Packs/atmel/ATmega_DFP/1.2.132/gcc/dev/atmega32/avr5/crtatmega32.o
 *(.init2)
 *(.init3)
 *(.init3)
 *(.init4)
 .init4         0x00000060       0x16 c:/program files (x86)/atmel/studio/7.0/toolchain/avr8/avr8-gnu-toolchain/bin/../lib/gcc/avr/5.4.0/avr5\libgcc.a(_copy_data.o)
                0x00000060                __do_copy_data
 .init4         0x00000076       0x10 c:/program files (x86)/atmel/studio/7.0/toolchain/avr8/avr8-gnu-toolchain/bin/../lib/gcc/avr/5.4.0/avr5\libgcc.a(_clear_bss.o)
                0x00000076                __do_clear_bss
 *(.init4)
 *(.init5)
 *(.init5)
 *(.init6)
 *(.init6)
 *(.init7)
 *(.init7)
 *(.init8)
 *(.init8)
 *(.init9)
 .init9         0x00000086        0x8 C:/Program Files (x86)/Atmel/Studio/7.0/Packs/atmel/ATmega_DFP/1.2.132/gcc/dev/atmega32/avr5/crtatmega32.o
 *(.init9)
 *(.text)
 .text          0x0000008e        0x4 C:/Program Files (x86)/Atmel/Studio/7.0/Packs/atmel/ATmega_DFP/1.2.132/gcc/dev/atmega32/avr5/crtatmega32.o
                0x0000008e                __vector_1
                0x0000008e                __bad_interrupt
                0x0000008e                __vector_6
                0x0000008e                __vector_3
                0x0000008e                __vector_13
                0x0000008e                __vector_17
                0x0000008e                __vector_19
                0x0000008e                __vector_7
                0x0000008e                __vector_5
                0x0000008e                __vector_4
                0x0000008e                __vector_2
                0x0000008e                __vector_15
                0x0000008e                __vector_8
                0x0000008e                __vector_14
                0x0000008e                __vector_16
                0x0000008e                __vector_18
                0x0000008e                __vector_20
                0x00000092                . = ALIGN (0x2)
 *(.text.*)
 .text.Dio_GroupSetDirection
                0x00000092       0x5e Dio.o
                0x00000092                Dio_GroupSetDirection
 .text.Dio_PortWrite
                0x000000f0       0x2e Dio.o
                0x000000f0                Dio_PortWrite
 .text.Dio_PinWrite
                0x0000011e      0x116 Dio.o
                0x0000011e                Dio_PinWrite
 .text.Dio_PortRead
                0x00000234       0x3e Dio.o
                0x00000234                Dio_PortRead
 .text.Write_Data
                0x00000272       0x10 EEPROM.o
                0x00000272                Write_Data
 .text.Read_Data
                0x00000282       0x12 EEPROM.o
                0x00000282                Read_Data
 .text.LCD_Enable
                0x00000294       0x22 LCD.o
                0x00000294                LCD_Enable
 .text.LCD_Command
                0x000002b6       0x3e LCD.o
                0x000002b6                LCD_Command
 .text.LCD_Init
                0x000002f4       0x3a LCD.o
                0x000002f4                LCD_Init
 .text.LCD_Data
                0x0000032e       0x68 LCD.o
                0x0000032e                LCD_Data
 .text.LCD_DataString
                0x00000396       0x1e LCD.o
                0x00000396                LCD_DataString
 .text.main     0x000003b4       0x44 main.o
                0x000003b4                main
 .text.__vector_12
                0x000003f8       0x24 SPI.o
                0x000003f8                __vector_12
 .text.HEX2String
                0x0000041c       0x30 StringHandler.o
                0x0000041c                HEX2String
 .text.__vector_11
                0x0000044c       0x14 Timer0.o
                0x0000044c                __vector_11
 .text.__vector_10
                0x00000460       0x14 Timer0.o
                0x00000460                __vector_10
 .text.Timer1_OVF_CB
                0x00000474        0xa Timer1.o
                0x00000474                Timer1_OVF_CB
 .text.__vector_9
                0x0000047e       0x48 Timer1.o
                0x0000047e                __vector_9
                0x000004c6                . = ALIGN (0x2)
 *(.fini9)
 .fini9         0x000004c6        0x0 c:/program files (x86)/atmel/studio/7.0/toolchain/avr8/avr8-gnu-toolchain/bin/../lib/gcc/avr/5.4.0/avr5\libgcc.a(_exit.o)
                0x000004c6                _exit
                0x000004c6                exit
 *(.fini9)
 *(.fini8)
 *(.fini8)
 *(.fini7)
 *(.fini7)
 *(.fini6)
 *(.fini6)
 *(.fini5)
 *(.fini5)
 *(.fini4)
 *(.fini4)
 *(.fini3)
 *(.fini3)
 *(.fini2)
 *(.fini2)
 *(.fini1)
 *(.fini1)
 *(.fini0)
 .fini0         0x000004c6        0x4 c:/program files (x86)/atmel/studio/7.0/toolchain/avr8/avr8-gnu-toolchain/bin/../lib/gcc/avr/5.4.0/avr5\libgcc.a(_exit.o)
 *(.fini0)
                0x000004ca                _etext = .

.data           0x00800060        0x2 load address 0x000004ca
                0x00800060                PROVIDE (__data_start, .)
 *(.data)
 *(.data*)
 .data.SPI_Slave_DataSend
                0x00800060        0x1 SPI.o
                0x00800060                SPI_Slave_DataSend
 *(.gnu.linkonce.d*)
 *(.rodata)
 *(.rodata*)
 *(.gnu.linkonce.r*)
                0x00800062                . = ALIGN (0x2)
 *fill*         0x00800061        0x1 
                0x00800062                _edata = .
                0x00800062                PROVIDE (__data_end, .)

.bss            0x00800062        0x3
                0x00800062                PROVIDE (__bss_start, .)
 *(.bss)
 *(.bss*)
 .bss.SPI_Slave_DataReceived
                0x00800062        0x1 SPI.o
                0x00800062                SPI_Slave_DataReceived
 *(COMMON)
 COMMON         0x00800063        0x2 main.o
                0x00800063                eep
                0x00800065                PROVIDE (__bss_end, .)
                0x000004ca                __data_load_start = LOADADDR (.data)
                0x000004cc                __data_load_end = (__data_load_start + SIZEOF (.data))

.noinit         0x00800065        0x0
                [!provide]                PROVIDE (__noinit_start, .)
 *(.noinit*)
                [!provide]                PROVIDE (__noinit_end, .)
                0x00800065                _end = .
                [!provide]                PROVIDE (__heap_start, .)

.eeprom         0x00810000        0x0
 *(.eeprom*)
                0x00810000                __eeprom_end = .

.fuse
 *(.fuse)
 *(.lfuse)
 *(.hfuse)
 *(.efuse)

.lock
 *(.lock*)

.signature
 *(.signature*)

.user_signatures
 *(.user_signatures*)

.stab
 *(.stab)

.stabstr
 *(.stabstr)

.stab.excl
 *(.stab.excl)

.stab.exclstr
 *(.stab.exclstr)

.stab.index
 *(.stab.index)

.stab.indexstr
 *(.stab.indexstr)

.comment        0x00000000       0x30
 *(.comment)
 .comment       0x00000000       0x30 Dio.o
                                 0x31 (size before relaxing)
 .comment       0x00000030       0x31 EEPROM.o
 .comment       0x00000030       0x31 LCD.o
 .comment       0x00000030       0x31 main.o
 .comment       0x00000030       0x31 SPI.o
 .comment       0x00000030       0x31 StringHandler.o
 .comment       0x00000030       0x31 Timer0.o
 .comment       0x00000030       0x31 Timer1.o

.note.gnu.avr.deviceinfo
                0x00000000       0x3c
 .note.gnu.avr.deviceinfo
                0x00000000       0x3c C:/Program Files (x86)/Atmel/Studio/7.0/Packs/atmel/ATmega_DFP/1.2.132/gcc/dev/atmega32/avr5/crtatmega32.o

.note.gnu.build-id
 *(.note.gnu.build-id)

.debug
 *(.debug)

.line
 *(.line)

.debug_srcinfo
 *(.debug_srcinfo)

.debug_sfnames
 *(.debug_sfnames)

.debug_aranges  0x00000000      0x228
 *(.debug_aranges)
 .debug_aranges
                0x00000000       0xc0 Dio.o
 .debug_aranges
                0x000000c0       0x28 EEPROM.o
 .debug_aranges
                0x000000e8       0x48 LCD.o
 .debug_aranges
                0x00000130       0x20 main.o
 .debug_aranges
                0x00000150       0x28 SPI.o
 .debug_aranges
                0x00000178       0x28 StringHandler.o
 .debug_aranges
                0x000001a0       0x48 Timer0.o
 .debug_aranges
                0x000001e8       0x40 Timer1.o

.debug_pubnames
 *(.debug_pubnames)

.debug_info     0x00000000     0x19d7
 *(.debug_info .gnu.linkonce.wi.*)
 .debug_info    0x00000000      0x4e6 C:/Program Files (x86)/Atmel/Studio/7.0/Packs/atmel/ATmega_DFP/1.2.132/gcc/dev/atmega32/avr5/crtatmega32.o
 .debug_info    0x000004e6      0x7d6 Dio.o
 .debug_info    0x00000cbc      0x132 EEPROM.o
 .debug_info    0x00000dee      0x47b LCD.o
 .debug_info    0x00001269      0x1e4 main.o
 .debug_info    0x0000144d      0x1ea SPI.o
 .debug_info    0x00001637      0x112 StringHandler.o
 .debug_info    0x00001749      0x142 Timer0.o
 .debug_info    0x0000188b      0x14c Timer1.o

.debug_abbrev   0x00000000      0xb7e
 *(.debug_abbrev)
 .debug_abbrev  0x00000000      0x4a3 C:/Program Files (x86)/Atmel/Studio/7.0/Packs/atmel/ATmega_DFP/1.2.132/gcc/dev/atmega32/avr5/crtatmega32.o
 .debug_abbrev  0x000004a3      0x10f Dio.o
 .debug_abbrev  0x000005b2       0x94 EEPROM.o
 .debug_abbrev  0x00000646      0x18b LCD.o
 .debug_abbrev  0x000007d1       0xec main.o
 .debug_abbrev  0x000008bd       0xd5 SPI.o
 .debug_abbrev  0x00000992       0xbd StringHandler.o
 .debug_abbrev  0x00000a4f       0x92 Timer0.o
 .debug_abbrev  0x00000ae1       0x9d Timer1.o

.debug_line     0x00000000     0x1545
 *(.debug_line .debug_line.* .debug_line_end)
 .debug_line    0x00000000      0x115 C:/Program Files (x86)/Atmel/Studio/7.0/Packs/atmel/ATmega_DFP/1.2.132/gcc/dev/atmega32/avr5/crtatmega32.o
 .debug_line    0x00000115      0xbf5 Dio.o
 .debug_line    0x00000d0a      0x106 EEPROM.o
 .debug_line    0x00000e10      0x256 LCD.o
 .debug_line    0x00001066       0xa1 main.o
 .debug_line    0x00001107      0x10b SPI.o
 .debug_line    0x00001212       0xaf StringHandler.o
 .debug_line    0x000012c1      0x144 Timer0.o
 .debug_line    0x00001405      0x140 Timer1.o

.debug_frame    0x00000000      0x41c
 *(.debug_frame)
 .debug_frame   0x00000000      0x164 Dio.o
 .debug_frame   0x00000164       0x34 EEPROM.o
 .debug_frame   0x00000198       0xa0 LCD.o
 .debug_frame   0x00000238       0x34 main.o
 .debug_frame   0x0000026c       0x44 SPI.o
 .debug_frame   0x000002b0       0x34 StringHandler.o
 .debug_frame   0x000002e4       0x8c Timer0.o
 .debug_frame   0x00000370       0xac Timer1.o

.debug_str      0x00000000      0x7e6
 *(.debug_str)
 .debug_str     0x00000000      0x196 C:/Program Files (x86)/Atmel/Studio/7.0/Packs/atmel/ATmega_DFP/1.2.132/gcc/dev/atmega32/avr5/crtatmega32.o
 .debug_str     0x00000196      0x3a7 Dio.o
                                0x3e7 (size before relaxing)
 .debug_str     0x0000053d       0x3b EEPROM.o
                                0x1be (size before relaxing)
 .debug_str     0x00000578       0xc6 LCD.o
                                0x28c (size before relaxing)
 .debug_str     0x0000063e       0x53 main.o
                                0x1e1 (size before relaxing)
 .debug_str     0x00000691       0x4a SPI.o
                                0x20d (size before relaxing)
 .debug_str     0x000006db       0x2c StringHandler.o
                                0x1af (size before relaxing)
 .debug_str     0x00000707       0x87 Timer0.o
                                0x1f0 (size before relaxing)
 .debug_str     0x0000078e       0x58 Timer1.o
                                0x1f3 (size before relaxing)

.debug_loc      0x00000000     0x1a59
 *(.debug_loc)
 .debug_loc     0x00000000     0x1417 Dio.o
 .debug_loc     0x00001417       0x58 EEPROM.o
 .debug_loc     0x0000146f      0x2b8 LCD.o
 .debug_loc     0x00001727       0x48 main.o
 .debug_loc     0x0000176f       0x3c SPI.o
 .debug_loc     0x000017ab       0x5b StringHandler.o
 .debug_loc     0x00001806       0xee Timer0.o
 .debug_loc     0x000018f4      0x165 Timer1.o

.debug_macinfo
 *(.debug_macinfo)

.debug_weaknames
 *(.debug_weaknames)

.debug_funcnames
 *(.debug_funcnames)

.debug_typenames
 *(.debug_typenames)

.debug_varnames
 *(.debug_varnames)

.debug_pubtypes
 *(.debug_pubtypes)

.debug_ranges   0x00000000      0x1a8
 *(.debug_ranges)
 .debug_ranges  0x00000000       0xb0 Dio.o
 .debug_ranges  0x000000b0       0x18 EEPROM.o
 .debug_ranges  0x000000c8       0x38 LCD.o
 .debug_ranges  0x00000100       0x10 main.o
 .debug_ranges  0x00000110       0x18 SPI.o
 .debug_ranges  0x00000128       0x18 StringHandler.o
 .debug_ranges  0x00000140       0x38 Timer0.o
 .debug_ranges  0x00000178       0x30 Timer1.o

.debug_macro
 *(.debug_macro)
OUTPUT(Dio_Driver_24.elf elf32-avr)
LOAD linker stubs
